> Task :car:preBuild UP-TO-DATE
> Task :car:preDebugBuild UP-TO-DATE
> Task :car:mergeDebugNativeDebugMetadata NO-SOURCE
> Task :car:checkKotlinGradlePluginConfigurationErrors SKIPPED
> Task :car:checkDebugAarMetadata UP-TO-DATE
> Task :car:processDebugNavigationResources UP-TO-DATE
> Task :car:compileDebugNavigationResources UP-TO-DATE
> Task :car:generateDebugResValues UP-TO-DATE
> Task :car:mapDebugSourceSetPaths UP-TO-DATE
> Task :car:generateDebugResources UP-TO-DATE
> Task :car:mergeDebugResources UP-TO-DATE
> Task :car:packageDebugResources UP-TO-DATE
> Task :car:parseDebugLocalResources UP-TO-DATE
> Task :car:createDebugCompatibleScreenManifests UP-TO-DATE
> Task :car:extractDeepLinksDebug UP-TO-DATE
> Task :car:processDebugMainManifest UP-TO-DATE
> Task :car:processDebugManifest UP-TO-DATE
> Task :car:processDebugManifestForPackage UP-TO-DATE
> Task :car:processDebugResources UP-TO-DATE
> Task :car:javaPreCompileDebug UP-TO-DATE
> Task :car:mergeDebugShaders UP-TO-DATE
> Task :car:compileDebugShaders NO-SOURCE
> Task :car:generateDebugAssets UP-TO-DATE
> Task :car:mergeDebugAssets UP-TO-DATE
> Task :car:compressDebugAssets UP-TO-DATE
> Task :car:checkDebugDuplicateClasses UP-TO-DATE
> Task :car:desugarDebugFileDependencies UP-TO-DATE
> Task :car:mergeExtDexDebug UP-TO-DATE
> Task :car:mergeLibDexDebug UP-TO-DATE
> Task :car:mergeDebugJniLibFolders UP-TO-DATE
> Task :car:mergeDebugNativeLibs NO-SOURCE
> Task :car:stripDebugDebugSymbols NO-SOURCE
> Task :car:validateSigningDebug UP-TO-DATE
> Task :car:writeDebugAppMetadata UP-TO-DATE
> Task :car:writeDebugSigningConfigVersions UP-TO-DATE
> Task :car:compileDebugKotlin
> Task :car:compileDebugJavaWithJavac NO-SOURCE
> Task :car:processDebugJavaRes
> Task :car:mergeDebugJavaResource
> Task :car:dexBuilderDebug
> Task :car:mergeProjectDexDebug
> Task :car:packageDebug
> Task :car:createDebugApkListingFileRedirect
> Task :car:assembleDebug

[Incubating] Problems report is available at: file:///C:/Users/AntoniKmuk/AndroidStudioProjects/fuelprices/build/reports/problems/problems-report.html

Deprecated Gradle features were used in this build, making it incompatible with Gradle 9.0.

You can use '--warning-mode all' to show the individual deprecation warnings and determine if they come from your own scripts or plugins.

For more on this, please refer to https://docs.gradle.org/8.13/userguide/command_line_interface.html#sec:command_line_warnings in the Gradle documentation.

BUILD SUCCESSFUL in 11s
34 actionable tasks: 7 executed, 27 up-to-date
