> Task :car:checkKotlinGradlePluginConfigurationErrors SKIPPED
> Task :car:preBuild UP-TO-DATE
> Task :car:preDebugBuild UP-TO-DATE
> Task :car:checkDebugAarMetadata UP-TO-DATE
> Task :car:processDebugNavigationResources UP-TO-DATE
> Task :car:compileDebugNavigationResources UP-TO-DATE
> Task :car:generateDebugResValues UP-TO-DATE
> Task :car:mapDebugSourceSetPaths UP-TO-DATE
> Task :car:generateDebugResources UP-TO-DATE
> Task :car:mergeDebugResources UP-TO-DATE
> Task :car:packageDebugResources UP-TO-DATE
> Task :car:parseDebugLocalResources UP-TO-DATE
> Task :car:createDebugCompatibleScreenManifests UP-TO-DATE
> Task :car:extractDeepLinksDebug UP-TO-DATE
> Task :car:processDebugMainManifest UP-TO-DATE
> Task :car:processDebugManifest UP-TO-DATE
> Task :car:processDebugManifestForPackage UP-TO-DATE
> Task :car:processDebugResources UP-TO-DATE
> Task :car:compileDebugKotlin

[Incubating] Problems report is available at: file:///C:/Users/AntoniKmuk/AndroidStudioProjects/fuelprices/build/reports/problems/problems-report.html

Deprecated Gradle features were used in this build, making it incompatible with Gradle 9.0.

You can use '--warning-mode all' to show the individual deprecation warnings and determine if they come from your own scripts or plugins.

For more on this, please refer to https://docs.gradle.org/8.13/userguide/command_line_interface.html#sec:command_line_warnings in the Gradle documentation.

BUILD SUCCESSFUL in 10s
16 actionable tasks: 1 executed, 15 up-to-date
